Commit 1 at Fri Sep  4 02:18:40 UTC 2026 with random value 20175
Commit 2 at Fri Sep  4 02:18:40 UTC 2026 with random value 4361
Commit 1 at Fri Sep  4 10:17:31 UTC 2026 with random value 8163
Commit 2 at Fri Sep  4 10:17:31 UTC 2026 with random value 18776
Commit 3 at Fri Sep  4 10:17:31 UTC 2026 with random value 1706
Commit 4 at Fri Sep  4 10:17:31 UTC 2026 with random value 5382
Commit 1 at Fri Sep  4 15:32:36 UTC 2026 with random value 5971
Commit 2 at Fri Sep  4 15:32:36 UTC 2026 with random value 1851
Commit 1 at Fri Sep  4 20:07:10 UTC 2026 with random value 10044
Commit 2 at Fri Sep  4 20:07:10 UTC 2026 with random value 14780
Commit 3 at Fri Sep  4 20:07:10 UTC 2026 with random value 7489
Commit 1 at Sat Sep  5 02:19:30 UTC 2026 with random value 15574
Commit 2 at Sat Sep  5 02:19:30 UTC 2026 with random value 18959
Commit 3 at Sat Sep  5 02:19:30 UTC 2026 with random value 13737
Commit 1 at Sat Sep  5 09:45:41 UTC 2026 with random value 29959
Commit 2 at Sat Sep  5 09:45:41 UTC 2026 with random value 6932
Commit 1 at Sat Sep  5 14:20:23 UTC 2026 with random value 13320
Commit 2 at Sat Sep  5 14:20:23 UTC 2026 with random value 21275
Commit 3 at Sat Sep  5 14:20:23 UTC 2026 with random value 4538
Commit 4 at Sat Sep  5 14:20:23 UTC 2026 with random value 2307
Commit 1 at Sat Sep  5 19:46:16 UTC 2026 with random value 19759
Commit 2 at Sat Sep  5 19:46:16 UTC 2026 with random value 25581
Commit 3 at Sat Sep  5 19:46:16 UTC 2026 with random value 27762
Commit 1 at Sun Sep  6 02:15:28 UTC 2026 with random value 9296
Commit 2 at Sun Sep  6 02:15:28 UTC 2026 with random value 20027
Commit 3 at Sun Sep  6 02:15:28 UTC 2026 with random value 7540
Commit 4 at Sun Sep  6 02:15:28 UTC 2026 with random value 18044
Commit 1 at Sun Sep  6 10:01:37 UTC 2026 with random value 1545
Commit 2 at Sun Sep  6 10:01:37 UTC 2026 with random value 32612
Commit 1 at Sun Sep  6 14:43:19 UTC 2026 with random value 28719
Commit 2 at Sun Sep  6 14:43:19 UTC 2026 with random value 30941
Commit 3 at Sun Sep  6 14:43:19 UTC 2026 with random value 1865
Commit 4 at Sun Sep  6 14:43:19 UTC 2026 with random value 23813
Commit 1 at Sun Sep  6 19:49:53 UTC 2026 with random value 10044
Commit 2 at Sun Sep  6 19:49:53 UTC 2026 with random value 1279
Commit 1 at Mon Sep  7 02:12:36 UTC 2026 with random value 1141
Commit 2 at Mon Sep  7 02:12:36 UTC 2026 with random value 21953
Commit 1 at Mon Sep  7 11:13:43 UTC 2026 with random value 1406
Commit 2 at Mon Sep  7 11:13:43 UTC 2026 with random value 24378
Commit 3 at Mon Sep  7 11:13:43 UTC 2026 with random value 134
Commit 1 at Mon Sep  7 16:58:31 UTC 2026 with random value 1354
Commit 2 at Mon Sep  7 16:58:31 UTC 2026 with random value 4228
Commit 3 at Mon Sep  7 16:58:31 UTC 2026 with random value 13804
Commit 4 at Mon Sep  7 16:58:31 UTC 2026 with random value 26372
Commit 1 at Mon Sep  7 20:57:23 UTC 2026 with random value 7258
Commit 2 at Mon Sep  7 20:57:23 UTC 2026 with random value 2478
Commit 1 at Tue Sep  8 02:24:38 UTC 2026 with random value 32395
Commit 2 at Tue Sep  8 02:24:38 UTC 2026 with random value 2393
Commit 1 at Tue Sep  8 10:22:48 UTC 2026 with random value 18129
Commit 2 at Tue Sep  8 10:22:48 UTC 2026 with random value 16346
Commit 3 at Tue Sep  8 10:22:48 UTC 2026 with random value 14697
Commit 4 at Tue Sep  8 10:22:48 UTC 2026 with random value 13478
Commit 1 at Tue Sep  8 15:46:23 UTC 2026 with random value 30739
Commit 2 at Tue Sep  8 15:46:23 UTC 2026 with random value 22028
Commit 3 at Tue Sep  8 15:46:23 UTC 2026 with random value 30778
Commit 1 at Tue Sep  8 20:32:51 UTC 2026 with random value 9149
Commit 2 at Tue Sep  8 20:32:51 UTC 2026 with random value 13153
Commit 3 at Tue Sep  8 20:32:51 UTC 2026 with random value 13216
Commit 1 at Wed Sep  9 02:27:09 UTC 2026 with random value 5487
Commit 2 at Wed Sep  9 02:27:09 UTC 2026 with random value 22715
Commit 3 at Wed Sep  9 02:27:09 UTC 2026 with random value 15897
Commit 1 at Wed Sep  9 10:31:59 UTC 2026 with random value 28945
Commit 2 at Wed Sep  9 10:31:59 UTC 2026 with random value 25877
Commit 3 at Wed Sep  9 10:31:59 UTC 2026 with random value 23093
Commit 4 at Wed Sep  9 10:31:59 UTC 2026 with random value 14654
Commit 1 at Wed Sep  9 15:41:55 UTC 2026 with random value 17959
Commit 2 at Wed Sep  9 15:41:55 UTC 2026 with random value 24119
Commit 1 at Wed Sep  9 20:15:28 UTC 2026 with random value 30256
Commit 2 at Wed Sep  9 20:15:28 UTC 2026 with random value 27620
Commit 3 at Wed Sep  9 20:15:28 UTC 2026 with random value 29338
Commit 1 at Thu Sep 10 02:27:15 UTC 2026 with random value 17076
Commit 2 at Thu Sep 10 02:27:15 UTC 2026 with random value 19448
Commit 3 at Thu Sep 10 02:27:15 UTC 2026 with random value 937
Commit 1 at Thu Sep 10 10:21:09 UTC 2026 with random value 10863
Commit 2 at Thu Sep 10 10:21:09 UTC 2026 with random value 9607
Commit 1 at Thu Sep 10 15:37:02 UTC 2026 with random value 17595
Commit 2 at Thu Sep 10 15:37:02 UTC 2026 with random value 22911
Commit 1 at Thu Sep 10 20:17:04 UTC 2026 with random value 10100
Commit 2 at Thu Sep 10 20:17:04 UTC 2026 with random value 10982
Commit 3 at Thu Sep 10 20:17:04 UTC 2026 with random value 12287
Commit 1 at Fri Sep 11 02:21:45 UTC 2026 with random value 9836
Commit 2 at Fri Sep 11 02:21:45 UTC 2026 with random value 20972
Commit 3 at Fri Sep 11 02:21:46 UTC 2026 with random value 11598
Commit 1 at Fri Sep 11 10:21:35 UTC 2026 with random value 203
Commit 2 at Fri Sep 11 10:21:35 UTC 2026 with random value 24379
Commit 3 at Fri Sep 11 10:21:35 UTC 2026 with random value 31463
Commit 4 at Fri Sep 11 10:21:35 UTC 2026 with random value 5453
Commit 1 at Fri Sep 11 15:38:35 UTC 2026 with random value 28068
Commit 2 at Fri Sep 11 15:38:35 UTC 2026 with random value 20900
Commit 3 at Fri Sep 11 15:38:35 UTC 2026 with random value 31622
Commit 1 at Fri Sep 11 20:17:08 UTC 2026 with random value 6580
Commit 2 at Fri Sep 11 20:17:08 UTC 2026 with random value 27874
Commit 3 at Fri Sep 11 20:17:08 UTC 2026 with random value 25220
Commit 1 at Sat Sep 12 02:29:21 UTC 2026 with random value 20809
Commit 2 at Sat Sep 12 02:29:21 UTC 2026 with random value 10969
Commit 3 at Sat Sep 12 02:29:21 UTC 2026 with random value 8750
Commit 1 at Sat Sep 12 09:52:53 UTC 2026 with random value 3428
Commit 2 at Sat Sep 12 09:52:53 UTC 2026 with random value 13165
Commit 3 at Sat Sep 12 09:52:53 UTC 2026 with random value 5843
Commit 4 at Sat Sep 12 09:52:53 UTC 2026 with random value 26753
Commit 1 at Sat Sep 12 14:45:32 UTC 2026 with random value 29905
Commit 2 at Sat Sep 12 14:45:32 UTC 2026 with random value 12199
Commit 3 at Sat Sep 12 14:45:33 UTC 2026 with random value 25057
Commit 1 at Sat Sep 12 19:57:39 UTC 2026 with random value 9271
Commit 2 at Sat Sep 12 19:57:39 UTC 2026 with random value 26963
Commit 1 at Sun Sep 13 02:28:07 UTC 2026 with random value 28157
Commit 2 at Sun Sep 13 02:28:07 UTC 2026 with random value 28597
Commit 3 at Sun Sep 13 02:28:07 UTC 2026 with random value 26644
Commit 4 at Sun Sep 13 02:28:07 UTC 2026 with random value 23982
Commit 1 at Sun Sep 13 10:52:39 UTC 2026 with random value 11888
Commit 2 at Sun Sep 13 10:52:39 UTC 2026 with random value 10179
Commit 3 at Sun Sep 13 10:52:39 UTC 2026 with random value 18444
Commit 1 at Sun Sep 13 15:24:36 UTC 2026 with random value 15590
Commit 2 at Sun Sep 13 15:24:36 UTC 2026 with random value 8209
Commit 1 at Sun Sep 13 20:04:15 UTC 2026 with random value 24562
Commit 2 at Sun Sep 13 20:04:15 UTC 2026 with random value 11413
Commit 1 at Mon Sep 14 02:44:33 UTC 2026 with random value 4664
Commit 2 at Mon Sep 14 02:44:33 UTC 2026 with random value 21938
Commit 1 at Mon Sep 14 11:23:32 UTC 2026 with random value 11038
Commit 2 at Mon Sep 14 11:23:32 UTC 2026 with random value 16164
Commit 1 at Mon Sep 14 17:21:03 UTC 2026 with random value 27927
Commit 2 at Mon Sep 14 17:21:03 UTC 2026 with random value 6155
Commit 3 at Mon Sep 14 17:21:03 UTC 2026 with random value 1104
Commit 4 at Mon Sep 14 17:21:03 UTC 2026 with random value 1597
Commit 1 at Mon Sep 14 21:14:59 UTC 2026 with random value 27946
Commit 2 at Mon Sep 14 21:14:59 UTC 2026 with random value 27789
Commit 1 at Tue Sep 15 02:47:28 UTC 2026 with random value 8006
Commit 2 at Tue Sep 15 02:47:28 UTC 2026 with random value 24296
Commit 3 at Tue Sep 15 02:47:28 UTC 2026 with random value 24703
Commit 4 at Tue Sep 15 02:47:28 UTC 2026 with random value 12122
Commit 1 at Tue Sep 15 10:47:07 UTC 2026 with random value 6386
Commit 2 at Tue Sep 15 10:47:07 UTC 2026 with random value 8671
Commit 3 at Tue Sep 15 10:47:07 UTC 2026 with random value 9538
Commit 4 at Tue Sep 15 10:47:07 UTC 2026 with random value 25752
Commit 1 at Tue Sep 15 15:59:47 UTC 2026 with random value 2138
Commit 2 at Tue Sep 15 15:59:47 UTC 2026 with random value 10015
Commit 3 at Tue Sep 15 15:59:47 UTC 2026 with random value 20184
Commit 1 at Tue Sep 15 20:42:51 UTC 2026 with random value 21601
Commit 2 at Tue Sep 15 20:42:51 UTC 2026 with random value 11759
Commit 1 at Wed Sep 16 02:42:29 UTC 2026 with random value 26982
Commit 2 at Wed Sep 16 02:42:29 UTC 2026 with random value 1638
Commit 1 at Wed Sep 16 10:36:05 UTC 2026 with random value 8934
Commit 2 at Wed Sep 16 10:36:05 UTC 2026 with random value 22551
Commit 1 at Wed Sep 16 15:52:51 UTC 2026 with random value 12821
Commit 2 at Wed Sep 16 15:52:51 UTC 2026 with random value 12922
